ffmpeg version 8.0.1-3ubuntu2 Copyright (c) 2000-2025 the FFmpeg developers
  built with gcc 15 (Ubuntu 15.2.0-13ubuntu3)
  configuration: --prefix=/usr --extra-version=3ubuntu2 --toolchain=hardened --libdir=/usr/lib/x86_64-linux-gnu --incdir=/usr/include/x86_64-linux-gnu --arch=amd64 --enable-gpl --disable-stripping --disable-pocketsphinx --disable-libcaca --disable-libmfx --disable-omx --enable-gnutls --enable-libaom --enable-libass --enable-libbs2b --enable-libcdio --enable-libcodec2 --enable-libdav1d --enable-libflite --enable-libfontconfig --enable-libfreetype --enable-libfribidi --enable-libglslang --enable-libgme --enable-libgsm --enable-libharfbuzz --enable-libmp3lame --enable-libmysofa --enable-libopenjpeg --enable-libopenmpt --enable-libopus --enable-librubberband --enable-libshine --enable-libsnappy --enable-libsoxr --enable-libspeex --enable-libtheora --enable-libtwolame --enable-libvidstab --enable-libvorbis --enable-libvpx --enable-libwebp --enable-libx265 --enable-libxml2 --enable-libxvid --enable-libzimg --enable-openal --enable-opencl --enable-opengl --disable-sndio --enable-libvpl --enable-libdc1394 --enable-libdrm --enable-libiec61883 --enable-chromaprint --enable-frei0r --enable-ladspa --enable-libbluray --enable-libdvdnav --enable-libdvdread --enable-libjack --enable-libjxl --enable-libpulse --enable-librabbitmq --enable-librist --enable-libsrt --enable-libssh --enable-libsvtav1 --enable-libx264 --enable-libzmq --enable-libzvbi --enable-lv2 --enable-sdl2 --enable-libplacebo --enable-librav1e --enable-librsvg --enable-shared
  WARNING: library configuration mismatch
  avcodec     configuration: --prefix=/usr --extra-version=3ubuntu2 --toolchain=hardened --libdir=/usr/lib/x86_64-linux-gnu --incdir=/usr/include/x86_64-linux-gnu --arch=amd64 --enable-gpl --disable-stripping --disable-pocketsphinx --disable-libcaca --disable-libmfx --disable-omx --enable-gnutls --enable-libaom --enable-libass --enable-libbs2b --enable-libcdio --enable-libcodec2 --enable-libdav1d --enable-libflite --enable-libfontconfig --enable-libfreetype --enable-libfribidi --enable-libglslang --enable-libgme --enable-libgsm --enable-libharfbuzz --enable-libmp3lame --enable-libmysofa --enable-libopenjpeg --enable-libopenmpt --enable-libopus --enable-librubberband --enable-libshine --enable-libsnappy --enable-libsoxr --enable-libspeex --enable-libtheora --enable-libtwolame --enable-libvidstab --enable-libvorbis --enable-libvpx --enable-libwebp --enable-libx265 --enable-libxml2 --enable-libxvid --enable-libzimg --enable-openal --enable-opencl --enable-opengl --disable-sndio --enable-libvpl --enable-libdc1394 --enable-libdrm --enable-libiec61883 --enable-chromaprint --enable-frei0r --enable-ladspa --enable-libbluray --enable-libdvdnav --enable-libdvdread --enable-libjack --enable-libjxl --enable-libpulse --enable-librabbitmq --enable-librist --enable-libsrt --enable-libssh --enable-libsvtav1 --enable-libx264 --enable-libzmq --enable-libzvbi --enable-lv2 --enable-sdl2 --enable-libplacebo --enable-librav1e --enable-librsvg --enable-shared --enable-version3 --disable-doc --disable-programs --disable-static --enable-libaribb24 --enable-libopencore_amrnb --enable-libopencore_amrwb --enable-libtesseract --enable-libvo_amrwbenc --enable-libsmbclient
  libavutil      60.  8.100 / 60.  8.100
  libavcodec     62. 11.100 / 62. 11.100
  libavformat    62.  3.100 / 62.  3.100
  libavdevice    62.  1.100 / 62.  1.100
  libavfilter    11.  4.100 / 11.  4.100
  libswscale      9.  1.100 /  9.  1.100
  libswresample   6.  1.100 /  6.  1.100
Input #0, mov,mp4,m4a,3gp,3g2,mj2, from 'movie.mp4':
  Metadata:
    major_brand     : isom
    minor_version   : 512
    compatible_brands: isomiso2avc1mp41
  Duration: 01:45:07.73, start: 0.000000, bitrate: 3741 kb/s
  Stream #0:0[0x1](und): Video: h264 (Main) (avc1 / 0x31637661), yuv420p(progressive), 1920x1080 [SAR 1:1 DAR 16:9], 3545 kb/s, 23.98 fps, 47.95 tbr, 11520 tbn (default)
    Metadata:
      handler_name    : VideoHandler
      vendor_id       : [0][0][0][0]
  Stream #0:1[0x2](und): Audio: aac (LC) (mp4a / 0x6134706D), 48000 Hz, 5.1, fltp, 192 kb/s (default)
    Metadata:
      handler_name    : SoundHandler
      vendor_id       : [0][0][0][0]
Stream mapping:
  Stream #0:0 -> #0:0 (copy)
  Stream #0:1 -> #0:1 (copy)
Output #0, mp4, to 'movie_600s.mp4':
  Metadata:
    major_brand     : isom
    minor_version   : 512
    compatible_brands: isomiso2avc1mp41
    encoder         : Lavf62.3.100
  Stream #0:0(und): Video: h264 (Main) (avc1 / 0x31637661), yuv420p(progressive), 1920x1080 [SAR 1:1 DAR 16:9], q=2-31, 3545 kb/s, 23.98 fps, 47.95 tbr, 11520 tbn (default)
    Metadata:
      handler_name    : VideoHandler
      vendor_id       : [0][0][0][0]
  Stream #0:1(und): Audio: aac (LC) (mp4a / 0x6134706D), 48000 Hz, 5.1, fltp, 192 kb/s (default)
    Metadata:
      handler_name    : SoundHandler
      vendor_id       : [0][0][0][0]
Press [q] to stop, [?] for help
frame= 2232 fps=0.0 q=-1.0 size=   30720KiB time=00:01:33.00 bitrate=2705.7kbits/s speed= 185x elapsed=0:00:00.50    frame= 2832 fps=2824 q=-1.0 size=   52992KiB time=00:01:58.03 bitrate=3677.8kbits/s speed= 118x elapsed=0:00:01.00    frame= 4174 fps=2776 q=-1.0 size=   99840KiB time=00:02:54.00 bitrate=4700.3kbits/s speed= 116x elapsed=0:00:01.50    frame= 5985 fps=2986 q=-1.0 size=  129280KiB time=00:04:09.53 bitrate=4244.1kbits/s speed= 125x elapsed=0:00:02.00    frame= 6828 fps=2726 q=-1.0 size=  152576KiB time=00:04:44.74 bitrate=4389.6kbits/s speed= 114x elapsed=0:00:02.50    frame= 7747 fps=2578 q=-1.0 size=  201472KiB time=00:05:23.03 bitrate=5109.3kbits/s speed= 107x elapsed=0:00:03.00    frame= 8418 fps=2402 q=-1.0 size=  231424KiB time=00:05:51.01 bitrate=5401.0kbits/s speed= 100x elapsed=0:00:03.50    frame=10336 fps=2581 q=-1.0 size=  242432KiB time=00:07:11.13 bitrate=4606.4kbits/s speed= 108x elapsed=0:00:04.00    frame=12812 fps=2843 q=-1.0 size=  265216KiB time=00:08:54.32 bitrate=4066.2kbits/s speed= 119x elapsed=0:00:04.50    frame=14004 fps=2797 q=-1.0 size=  302592KiB time=00:09:44.20 bitrate=4243.1kbits/s speed= 117x elapsed=0:00:05.00    [out#0/mp4 @ 0x5fcc7db764c0] video:294791KiB audio:14063KiB subtitle:0KiB other streams:0KiB global headers:0KiB muxing overhead: 0.121692%
frame=14388 fps=2786 q=-1.0 Lsize=  309230KiB time=00:10:00.08 bitrate=4221.4kbits/s speed= 116x elapsed=0:00:05.16    
Pipeline: SRT timing only (exact subtitle sync, vocal-free bed + dub)
Workers: 4 | Duration: 600s | Whisper model: base
Creating 600s clip from start: movie_600s.mp4
Parsed 162 SRT lines (exact subtitle timing).
Pitch probe: 162/162 segments have F0 readings.
Analyzing Japanese voice pitch per line...
Pitch analysis: 162/162 lines — ~30 higher-pitch, ~34 lower-pitch voices.
Translating 162 lines with context/tone (4 workers)...
Translated 5/162
Translated 10/162
Translated 15/162
Translated 20/162
Translated 25/162
Translated 30/162
Translated 35/162
Translated 40/162
Translated 45/162
Translated 50/162
Translated 55/162
Translated 60/162
Translated 65/162
Translated 70/162
Translated 75/162
Translated 80/162
Skipping 347.013_352.185 after translation failed: 'NoneType' object has no attribute 'strip'
Translated 85/162
Translated 90/162
Translated 95/162
Translated 100/162
Translated 105/162
Translated 110/162
Translated 115/162
Translation complete: 117 lines.
Removing vocals from full mix using isolated dialogue track...
Synthesizing 117 lines with 4 concurrent TTS tasks...
TTS complete: 117 clips.
Mixing audio (600.016s) then muxing with original video (stream copy — no video re-encode)...
Saved: /home/s/Projects/python/products/automation/movie_dubbed_10min_v7.mp4
