Step 1: Using existing vocals_raw.wav
Step 2: Transcribing original dialogue and translating...
[0.00s -> 2.00s]: हाँ
[17.72s -> 19.72s]: मिलो
[19.72s -> 21.72s]: बस कुछ और खेलें
[21.72s -> 23.72s]: ज़रा ठहरिये
[23.72s -> 25.72s]: मिलो
[25.72s -> 27.72s]: हाँ
[27.72s -> 29.72s]: थोड़ा सा और
[29.72s -> 31.72s]: अरे
[33.72s -> 35.72s]: नीला कोमोरी
[35.72s -> 37.72s]: हाँ
[37.72s -> 39.72s]: हुंह? कहाँ?
[40.72s -> 42.72s]: पौराणिक नीला जंगल
[42.72s -> 43.72s]: मैं इसकी तलाश में जाऊंगा
[43.72s -> 45.72s]: खोये हुए जंगल में
[45.72s -> 47.72s]: वहाँ पर
[47.72s -> 49.72s]: वे कहते हैं कि मुझे नहीं जाना चाहिए क्योंकि शैतान बाहर आ जाएगा।
[49.72s -> 51.72s]: हाँ
[51.72s -> 53.72s]: फिर भी
[53.72s -> 55.72s]: पीठ पर लिखे बिना न खेलें
[60.72s -> 62.72s]: समझा
[62.72s -> 64.72s]: जब तक मैं यह लिखना समाप्त न कर लूं तब तक एक क्षण रुकें।
[64.72s -> 66.72s]: हाँ
[66.72s -> 67.72s]: बस थोड़ा सा
[67.72s -> 69.72s]: मैं हर समय लिखता रहा हूं
[69.72s -> 71.72s]: तो फिर क्लेयर, चलो भी कुछ लिखें।
[71.72s -> 73.72s]: यह निश्चित रूप से मज़ेदार होगा
[73.72s -> 75.72s]: हाँ
[75.72s -> 77.72s]: एह, मुझे कुछ पसंद नहीं है.
[79.72s -> 81.72s]: क्लेयर
[86.72s -> 88.72s]: मिलो की हुडी
[89.72s -> 91.72s]: मुझे मिलो से नफरत है
[120.72s -> 122.72s]: गांठों के साथ
[123.72s -> 125.72s]: है
[137.72s -> 139.72s]: अरे
[139.72s -> 141.84s]: हिलारिकोमी लाइट से बचने का मार्ग कहाँ है?
[141.84s -> 143.72s]: खड़े हो जाओ
[143.72s -> 145.72s]: आपके समझने का कोई तरीका नहीं है
[145.72s -> 148.72s]: ओदादैरा के अंदर
/usr/lib/python3.14/multiprocessing/resource_tracker.py:396: UserWarning: resource_tracker: There appear to be 1 leaked semaphore objects to clean up at shutdown: {'/mp-vqjrb712'}
  warnings.warn(
