ffmpeg version 8.0.1-3ubuntu2 Copyright (c) 2000-2025 the FFmpeg developers
  built with gcc 15 (Ubuntu 15.2.0-13ubuntu3)
  configuration: --prefix=/usr --extra-version=3ubuntu2 --toolchain=hardened --libdir=/usr/lib/x86_64-linux-gnu --incdir=/usr/include/x86_64-linux-gnu --arch=amd64 --enable-gpl --disable-stripping --disable-pocketsphinx --disable-libcaca --disable-libmfx --disable-omx --enable-gnutls --enable-libaom --enable-libass --enable-libbs2b --enable-libcdio --enable-libcodec2 --enable-libdav1d --enable-libflite --enable-libfontconfig --enable-libfreetype --enable-libfribidi --enable-libglslang --enable-libgme --enable-libgsm --enable-libharfbuzz --enable-libmp3lame --enable-libmysofa --enable-libopenjpeg --enable-libopenmpt --enable-libopus --enable-librubberband --enable-libshine --enable-libsnappy --enable-libsoxr --enable-libspeex --enable-libtheora --enable-libtwolame --enable-libvidstab --enable-libvorbis --enable-libvpx --enable-libwebp --enable-libx265 --enable-libxml2 --enable-libxvid --enable-libzimg --enable-openal --enable-opencl --enable-opengl --disable-sndio --enable-libvpl --enable-libdc1394 --enable-libdrm --enable-libiec61883 --enable-chromaprint --enable-frei0r --enable-ladspa --enable-libbluray --enable-libdvdnav --enable-libdvdread --enable-libjack --enable-libjxl --enable-libpulse --enable-librabbitmq --enable-librist --enable-libsrt --enable-libssh --enable-libsvtav1 --enable-libx264 --enable-libzmq --enable-libzvbi --enable-lv2 --enable-sdl2 --enable-libplacebo --enable-librav1e --enable-librsvg --enable-shared
  WARNING: library configuration mismatch
  avcodec     configuration: --prefix=/usr --extra-version=3ubuntu2 --toolchain=hardened --libdir=/usr/lib/x86_64-linux-gnu --incdir=/usr/include/x86_64-linux-gnu --arch=amd64 --enable-gpl --disable-stripping --disable-pocketsphinx --disable-libcaca --disable-libmfx --disable-omx --enable-gnutls --enable-libaom --enable-libass --enable-libbs2b --enable-libcdio --enable-libcodec2 --enable-libdav1d --enable-libflite --enable-libfontconfig --enable-libfreetype --enable-libfribidi --enable-libglslang --enable-libgme --enable-libgsm --enable-libharfbuzz --enable-libmp3lame --enable-libmysofa --enable-libopenjpeg --enable-libopenmpt --enable-libopus --enable-librubberband --enable-libshine --enable-libsnappy --enable-libsoxr --enable-libspeex --enable-libtheora --enable-libtwolame --enable-libvidstab --enable-libvorbis --enable-libvpx --enable-libwebp --enable-libx265 --enable-libxml2 --enable-libxvid --enable-libzimg --enable-openal --enable-opencl --enable-opengl --disable-sndio --enable-libvpl --enable-libdc1394 --enable-libdrm --enable-libiec61883 --enable-chromaprint --enable-frei0r --enable-ladspa --enable-libbluray --enable-libdvdnav --enable-libdvdread --enable-libjack --enable-libjxl --enable-libpulse --enable-librabbitmq --enable-librist --enable-libsrt --enable-libssh --enable-libsvtav1 --enable-libx264 --enable-libzmq --enable-libzvbi --enable-lv2 --enable-sdl2 --enable-libplacebo --enable-librav1e --enable-librsvg --enable-shared --enable-version3 --disable-doc --disable-programs --disable-static --enable-libaribb24 --enable-libopencore_amrnb --enable-libopencore_amrwb --enable-libtesseract --enable-libvo_amrwbenc --enable-libsmbclient
  libavutil      60.  8.100 / 60.  8.100
  libavcodec     62. 11.100 / 62. 11.100
  libavformat    62.  3.100 / 62.  3.100
  libavdevice    62.  1.100 / 62.  1.100
  libavfilter    11.  4.100 / 11.  4.100
  libswscale      9.  1.100 /  9.  1.100
  libswresample   6.  1.100 /  6.  1.100
Input #0, mov,mp4,m4a,3gp,3g2,mj2, from 'movie.mp4':
  Metadata:
    major_brand     : isom
    minor_version   : 512
    compatible_brands: isomiso2avc1mp41
  Duration: 01:45:07.73, start: 0.000000, bitrate: 3741 kb/s
  Stream #0:0[0x1](und): Video: h264 (Main) (avc1 / 0x31637661), yuv420p(progressive), 1920x1080 [SAR 1:1 DAR 16:9], 3545 kb/s, 23.98 fps, 47.95 tbr, 11520 tbn (default)
    Metadata:
      handler_name    : VideoHandler
      vendor_id       : [0][0][0][0]
  Stream #0:1[0x2](und): Audio: aac (LC) (mp4a / 0x6134706D), 48000 Hz, 5.1, fltp, 192 kb/s (default)
    Metadata:
      handler_name    : SoundHandler
      vendor_id       : [0][0][0][0]
Stream mapping:
  Stream #0:0 -> #0:0 (copy)
  Stream #0:1 -> #0:1 (copy)
Output #0, mp4, to 'movie_300s.mp4':
  Metadata:
    major_brand     : isom
    minor_version   : 512
    compatible_brands: isomiso2avc1mp41
    encoder         : Lavf62.3.100
  Stream #0:0(und): Video: h264 (Main) (avc1 / 0x31637661), yuv420p(progressive), 1920x1080 [SAR 1:1 DAR 16:9], q=2-31, 3545 kb/s, 23.98 fps, 47.95 tbr, 11520 tbn (default)
    Metadata:
      handler_name    : VideoHandler
      vendor_id       : [0][0][0][0]
  Stream #0:1(und): Audio: aac (LC) (mp4a / 0x6134706D), 48000 Hz, 5.1, fltp, 192 kb/s (default)
    Metadata:
      handler_name    : SoundHandler
      vendor_id       : [0][0][0][0]
Press [q] to stop, [?] for help
frame=  149 fps=0.0 q=-1.0 size=    4864KiB time=00:00:06.17 bitrate=6454.9kbits/s speed=12.3x elapsed=0:00:00.50    
frame=  196 fps=196 q=-1.0 size=    6912KiB time=00:00:08.34 bitrate=6787.7kbits/s speed=8.34x elapsed=0:00:01.00    
frame=  606 fps=404 q=-1.0 size=   11520KiB time=00:00:25.19 bitrate=3746.1kbits/s speed=16.8x elapsed=0:00:01.50    
frame=  736 fps=368 q=-1.0 size=   13824KiB time=00:00:30.94 bitrate=3659.3kbits/s speed=15.5x elapsed=0:00:02.00    
frame=  797 fps=319 q=-1.0 size=   15360KiB time=00:00:33.15 bitrate=3794.8kbits/s speed=13.3x elapsed=0:00:02.50    
frame=  908 fps=302 q=-1.0 size=   15872KiB time=00:00:37.99 bitrate=3422.2kbits/s speed=12.7x elapsed=0:00:03.00    
frame= 1249 fps=357 q=-1.0 size=   18944KiB time=00:00:52.00 bitrate=2983.8kbits/s speed=14.8x elapsed=0:00:03.50    
frame= 1382 fps=345 q=-1.0 size=   20480KiB time=00:00:57.55 bitrate=2914.8kbits/s speed=14.4x elapsed=0:00:04.00    
frame= 1900 fps=422 q=-1.0 size=   25600KiB time=00:01:19.16 bitrate=2649.2kbits/s speed=17.6x elapsed=0:00:04.50    
frame= 2001 fps=400 q=-1.0 size=   26880KiB time=00:01:23.37 bitrate=2641.1kbits/s speed=16.7x elapsed=0:00:05.00    
frame= 2088 fps=379 q=-1.0 size=   27904KiB time=00:01:27.00 bitrate=2627.4kbits/s speed=15.8x elapsed=0:00:05.50    
frame= 2316 fps=386 q=-1.0 size=   31744KiB time=00:01:36.51 bitrate=2694.4kbits/s speed=16.1x elapsed=0:00:06.00    
frame= 2508 fps=385 q=-1.0 size=   37888KiB time=00:01:44.52 bitrate=2969.5kbits/s speed=16.1x elapsed=0:00:06.50    
frame= 2769 fps=395 q=-1.0 size=   50176KiB time=00:01:55.40 bitrate=3561.7kbits/s speed=16.5x elapsed=0:00:07.00    
frame= 2769 fps=369 q=-1.0 size=   50176KiB time=00:01:55.40 bitrate=3561.7kbits/s speed=15.4x elapsed=0:00:07.50    
frame= 2773 fps=346 q=-1.0 size=   50432KiB time=00:01:55.57 bitrate=3574.7kbits/s speed=14.4x elapsed=0:00:08.00    
frame= 2805 fps=330 q=-1.0 size=   51968KiB time=00:01:56.90 bitrate=3641.5kbits/s speed=13.7x elapsed=0:00:08.50    
frame= 2836 fps=315 q=-1.0 size=   52992KiB time=00:01:58.44 bitrate=3665.2kbits/s speed=13.1x elapsed=0:00:09.01    
frame= 3326 fps=350 q=-1.0 size=   62464KiB time=00:02:18.93 bitrate=3683.2kbits/s speed=14.6x elapsed=0:00:09.51    
frame= 3483 fps=348 q=-1.0 size=   73728KiB time=00:02:25.45 bitrate=4152.5kbits/s speed=14.5x elapsed=0:00:10.02    
frame= 4006 fps=381 q=-1.0 size=   93440KiB time=00:02:47.00 bitrate=4583.6kbits/s speed=15.9x elapsed=0:00:10.52    
frame= 4442 fps=403 q=-1.0 size=  107776KiB time=00:03:05.18 bitrate=4767.7kbits/s speed=16.8x elapsed=0:00:11.02    
frame= 5275 fps=458 q=-1.0 size=  122880KiB time=00:03:39.92 bitrate=4577.1kbits/s speed=19.1x elapsed=0:00:11.52    
frame= 6008 fps=500 q=-1.0 size=  130304KiB time=00:04:10.45 bitrate=4262.1kbits/s speed=20.8x elapsed=0:00:12.02    
frame= 6672 fps=533 q=-1.0 size=  146944KiB time=00:04:38.15 bitrate=4327.7kbits/s speed=22.2x elapsed=0:00:12.52    
frame= 6937 fps=533 q=-1.0 size=  163584KiB time=00:04:49.24 bitrate=4633.0kbits/s speed=22.2x elapsed=0:00:13.02    
[out#0/mp4 @ 0x593217b734c0] video:170407KiB audio:7032KiB subtitle:0KiB other streams:0KiB global headers:0KiB muxing overhead: 0.106318%
frame= 7195 fps=539 q=-1.0 Lsize=  177628KiB time=00:05:00.09 bitrate=4848.9kbits/s speed=22.5x elapsed=0:00:13.35    
Pipeline: SRT timing only (exact subtitle sync, vocal-free bed + dub)
Workers: 4 | Duration: 300s | Whisper model: base
Creating 300s clip from start: movie_300s.mp4
Parsed 81 SRT lines (exact subtitle timing).
Pitch probe: 81/81 segments have F0 readings.
Analyzing Japanese voice pitch per line...
Pitch analysis: 81/81 lines — ~27 higher-pitch, ~16 lower-pitch voices.
Translating 81 lines with context/tone (4 workers)...
Translated 5/81
Skipping 37.495_39.539 after translation failed: ('Connection aborted.', ConnectionResetError(104, 'Connection reset by peer'))
Skipping 39.622_40.832 after translation failed: ('Connection aborted.', ConnectionResetError(104, 'Connection reset by peer'))
Skipping 33.450_35.827 after translation failed: ('Connection aborted.', ConnectionResetError(104, 'Connection reset by peer'))
Skipping 40.915_43.668 after translation failed: ('Connection aborted.', ConnectionResetError(104, 'Connection reset by peer'))
Skipping 45.086_47.088 after translation failed: ('Connection aborted.', ConnectionResetError(104, 'Connection reset by peer'))
Skipping 43.752_45.003 after translation failed: ('Connection aborted.', RemoteDisconnected('Remote end closed connection without response'))
Skipping 50.216_52.302 after translation failed: ('Connection aborted.', RemoteDisconnected('Remote end closed connection without response'))
Skipping 47.172_50.133 after translation failed: ('Connection aborted.', RemoteDisconnected('Remote end closed connection without response'))
Translated 10/81
Skipping 58.933_60.143 after translation failed: ('Connection aborted.', ConnectionResetError(104, 'Connection reset by peer'))
Skipping 61.269_62.353 after translation failed: ('Connection aborted.', RemoteDisconnected('Remote end closed connection without response'))
Skipping 73.364_74.824 after translation failed: ('Connection aborted.', RemoteDisconnected('Remote end closed connection without response'))
Skipping 62.979_65.398 after translation failed: ('Connection aborted.', RemoteDisconnected('Remote end closed connection without response'))
Skipping 74.908_79.204 after translation failed: ('Connection aborted.', RemoteDisconnected('Remote end closed connection without response'))
Skipping 79.329_81.581 after translation failed: ('Connection aborted.', RemoteDisconnected('Remote end closed connection without response'))
Skipping 87.087_88.963 after translation failed: ('Connection aborted.', ConnectionResetError(104, 'Connection reset by peer'))
Skipping 90.090_92.092 after translation failed: ('Connection aborted.', RemoteDisconnected('Remote end closed connection without response'))
Skipping 99.182_100.433 after translation failed: ('Connection aborted.', RemoteDisconnected('Remote end closed connection without response'))
Skipping 108.399_111.486 after translation failed: ('Connection aborted.', RemoteDisconnected('Remote end closed connection without response'))
Skipping 113.822_116.866 after translation failed: ('Connection aborted.', RemoteDisconnected('Remote end closed connection without response'))
Skipping 133.299_135.176 after translation failed: ('Connection aborted.', RemoteDisconnected('Remote end closed connection without response'))
Skipping 135.260_136.636 after translation failed: ('Connection aborted.', ConnectionResetError(104, 'Connection reset by peer'))
Skipping 136.719_139.097 after translation failed: ('Connection aborted.', ConnectionResetError(104, 'Connection reset by peer'))
Skipping 140.348_141.516 after translation failed: ('Connection aborted.', ConnectionResetError(104, 'Connection reset by peer'))
Skipping 141.599_143.059 after translation failed: ('Connection aborted.', ConnectionResetError(104, 'Connection reset by peer'))
Skipping 143.560_145.478 after translation failed: ('Connection aborted.', ConnectionResetError(104, 'Connection reset by peer'))
Skipping 145.562_147.772 after translation failed: ('Connection aborted.', RemoteDisconnected('Remote end closed connection without response'))
Skipping 147.856_150.733 after translation failed: ('Connection aborted.', ConnectionResetError(104, 'Connection reset by peer'))
Skipping 150.817_151.943 after translation failed: ('Connection aborted.', ConnectionResetError(104, 'Connection reset by peer'))
Skipping 152.026_153.194 after translation failed: ('Connection aborted.', ConnectionResetError(104, 'Connection reset by peer'))
Skipping 153.278_154.404 after translation failed: ('Connection aborted.', ConnectionResetError(104, 'Connection reset by peer'))
Skipping 154.487_155.989 after translation failed: ('Connection aborted.', RemoteDisconnected('Remote end closed connection without response'))
Skipping 157.240_158.157 after translation failed: ('Connection aborted.', ConnectionResetError(104, 'Connection reset by peer'))
Skipping 158.825_160.618 after translation failed: ('Connection aborted.', RemoteDisconnected('Remote end closed connection without response'))
Skipping 162.745_164.372 after translation failed: ('Connection aborted.', ConnectionResetError(104, 'Connection reset by peer'))
Skipping 167.959_170.128 after translation failed: ('Connection aborted.', RemoteDisconnected('Remote end closed connection without response'))
Skipping 164.455_166.166 after translation failed: ('Connection aborted.', ConnectionResetError(104, 'Connection reset by peer'))
Skipping 171.212_172.839 after translation failed: ('Connection aborted.', ConnectionResetError(104, 'Connection reset by peer'))
Skipping 174.591_176.342 after translation failed: ('Connection aborted.', RemoteDisconnected('Remote end closed connection without response'))
Skipping 176.426_178.511 after translation failed: ('Connection aborted.', ConnectionResetError(104, 'Connection reset by peer'))
Skipping 181.389_182.974 after translation failed: ('Connection aborted.', RemoteDisconnected('Remote end closed connection without response'))
Skipping 183.057_184.225 after translation failed: ('Connection aborted.', RemoteDisconnected('Remote end closed connection without response'))
Skipping 184.309_185.143 after translation failed: ('Connection aborted.', RemoteDisconnected('Remote end closed connection without response'))
Skipping 185.226_186.644 after translation failed: ('Connection aborted.', ConnectionResetError(104, 'Connection reset by peer'))
Skipping 187.478_189.606 after translation failed: ('Connection aborted.', RemoteDisconnected('Remote end closed connection without response'))
Skipping 189.689_191.566 after translation failed: ('Connection aborted.', ConnectionResetError(104, 'Connection reset by peer'))
Skipping 191.649_193.443 after translation failed: ('Connection aborted.', RemoteDisconnected('Remote end closed connection without response'))
Skipping 194.027_196.529 after translation failed: ('Connection aborted.', ConnectionResetError(104, 'Connection reset by peer'))
Skipping 199.115_201.284 after translation failed: ('Connection aborted.', ConnectionResetError(104, 'Connection reset by peer'))
Skipping 204.954_207.624 after translation failed: ('Connection aborted.', RemoteDisconnected('Remote end closed connection without response'))
Skipping 202.493_204.871 after translation failed: ('Connection aborted.', ConnectionResetError(104, 'Connection reset by peer'))
Skipping 207.707_212.086 after translation failed: ('Connection aborted.', ConnectionResetError(104, 'Connection reset by peer'))
Skipping 212.170_215.673 after translation failed: ('Connection aborted.', ConnectionResetError(104, 'Connection reset by peer'))
Skipping 215.757_217.592 after translation failed: ('Connection aborted.', ConnectionResetError(104, 'Connection reset by peer'))
Skipping 217.675_220.303 after translation failed: ('Connection aborted.', RemoteDisconnected('Remote end closed connection without response'))
Skipping 220.386_222.472 after translation failed: ('Connection aborted.', RemoteDisconnected('Remote end closed connection without response'))
Skipping 222.555_226.309 after translation failed: ('Connection aborted.', ConnectionResetError(104, 'Connection reset by peer'))
Skipping 226.392_229.437 after translation failed: ('Connection aborted.', ConnectionResetError(104, 'Connection reset by peer'))
Skipping 235.902_238.029 after translation failed: ('Connection aborted.', RemoteDisconnected('Remote end closed connection without response'))
Skipping 232.523_235.818 after translation failed: ('Connection aborted.', RemoteDisconnected('Remote end closed connection without response'))
Skipping 229.520_232.440 after translation failed: ('Connection aborted.', ConnectionResetError(104, 'Connection reset by peer'))
Skipping 238.112_241.032 after translation failed: ('Connection aborted.', RemoteDisconnected('Remote end closed connection without response'))
Skipping 243.701_245.203 after translation failed: ('Connection aborted.', ConnectionResetError(104, 'Connection reset by peer'))
Skipping 245.286_246.704 after translation failed: ('Connection aborted.', RemoteDisconnected('Remote end closed connection without response'))
Skipping 241.115_243.618 after translation failed: ('Connection aborted.', RemoteDisconnected('Remote end closed connection without response'))
Skipping 246.788_248.164 after translation failed: ('Connection aborted.', ConnectionResetError(104, 'Connection reset by peer'))
Skipping 253.753_255.505 after translation failed: ('Connection aborted.', ConnectionResetError(104, 'Connection reset by peer'))
Skipping 255.588_256.839 after translation failed: ('Connection aborted.', ConnectionResetError(104, 'Connection reset by peer'))
Skipping 248.247_250.458 after translation failed: ('Connection aborted.', RemoteDisconnected('Remote end closed connection without response'))
Skipping 256.923_258.716 after translation failed: ('Connection aborted.', ConnectionResetError(104, 'Connection reset by peer'))
Skipping 258.800_262.095 after translation failed: ('Connection aborted.', ConnectionResetError(104, 'Connection reset by peer'))
Skipping 262.178_267.183 after translation failed: ('Connection aborted.', RemoteDisconnected('Remote end closed connection without response'))
Translation complete: 10 lines.
Removing vocals from full mix using isolated dialogue track...
Synthesizing 10 lines with 4 concurrent TTS tasks...
Traceback (most recent call last):
  File "/home/s/Projects/python/products/automation/.venv/lib/python3.14/site-packages/aiohttp/connector.py", line 1571, in _create_direct_connection
    hosts = await self._resolve_host(host, port, traces=traces)
            ^^^^^^^^^^^^^^^^^^^^^^^^^^^^^^^^^^^^^^^^^^^^^^^^^^^
  File "/home/s/Projects/python/products/automation/.venv/lib/python3.14/site-packages/aiohttp/connector.py", line 1181, in _resolve_host
    return await asyncio.shield(resolved_host_task)
           ^^^^^^^^^^^^^^^^^^^^^^^^^^^^^^^^^^^^^^^^
  File "/home/s/Projects/python/products/automation/.venv/lib/python3.14/site-packages/aiohttp/connector.py", line 1212, in _resolve_host_with_throttle
    addrs = await self._resolver.resolve(host, port, family=self._family)
            ^^^^^^^^^^^^^^^^^^^^^^^^^^^^^^^^^^^^^^^^^^^^^^^^^^^^^^^^^^^^^
  File "/home/s/Projects/python/products/automation/.venv/lib/python3.14/site-packages/aiohttp/resolver.py", line 40, in resolve
    infos = await self._loop.getaddrinfo(
            ^^^^^^^^^^^^^^^^^^^^^^^^^^^^^
    ...<5 lines>...
    )
    ^
  File "/usr/lib/python3.14/asyncio/base_events.py", line 936, in getaddrinfo
    return await self.run_in_executor(
           ^^^^^^^^^^^^^^^^^^^^^^^^^^^
        None, getaddr_func, host, port, family, type, proto, flags)
        ^^^^^^^^^^^^^^^^^^^^^^^^^^^^^^^^^^^^^^^^^^^^^^^^^^^^^^^^^^^
  File "/usr/lib/python3.14/concurrent/futures/thread.py", line 86, in run
    result = ctx.run(self.task)
  File "/usr/lib/python3.14/concurrent/futures/thread.py", line 73, in run
    return fn(*args, **kwargs)
  File "/usr/lib/python3.14/socket.py", line 983, in getaddrinfo
    for res in _socket.getaddrinfo(host, port, family, type, proto, flags):
               ~~~~~~~~~~~~~~~~~~~^^^^^^^^^^^^^^^^^^^^^^^^^^^^^^^^^^^^^^^^
socket.gaierror: [Errno -2] Name or service not known

The above exception was the direct cause of the following exception:

Traceback (most recent call last):
  File "/home/s/Projects/python/products/automation/dub_movie_5min.py", line 9, in <module>
    dub_with_whisper_alignment(
    ~~~~~~~~~~~~~~~~~~~~~~~~~~^
        input_video=Path("movie.mp4"),
        ^^^^^^^^^^^^^^^^^^^^^^^^^^^^^^
    ...<9 lines>...
        srt_timing_only=True,
        ^^^^^^^^^^^^^^^^^^^^^
    )
    ^
  File "/home/s/Projects/python/products/automation/dub_movie_whisper.py", line 394, in dub_with_whisper_alignment
    dubbed_clips = synthesize_dubbed_audio(
        translated, chunks_dir, workers, state, target_language
    )
  File "/home/s/Projects/python/products/automation/dub_movie.py", line 358, in synthesize_dubbed_audio
    asyncio.run(_synthesize_all(segments, chunks_dir, workers, target_language))
    ~~~~~~~~~~~^^^^^^^^^^^^^^^^^^^^^^^^^^^^^^^^^^^^^^^^^^^^^^^^^^^^^^^^^^^^^^^^^
  File "/usr/lib/python3.14/asyncio/runners.py", line 204, in run
    return runner.run(main)
           ~~~~~~~~~~^^^^^^
  File "/usr/lib/python3.14/asyncio/runners.py", line 127, in run
    return self._loop.run_until_complete(task)
           ~~~~~~~~~~~~~~~~~~~~~~~~~~~~~^^^^^^
  File "/usr/lib/python3.14/asyncio/base_events.py", line 719, in run_until_complete
    return future.result()
           ~~~~~~~~~~~~~^^
  File "/home/s/Projects/python/products/automation/dub_movie.py", line 327, in _synthesize_all
    await asyncio.gather(*(run_one(seg) for seg in segments))
  File "/home/s/Projects/python/products/automation/dub_movie.py", line 325, in run_one
    await _synthesize_chunk(seg["text"], path, profile)
  File "/home/s/Projects/python/products/automation/dub_movie.py", line 312, in _synthesize_chunk
    await communicate.save(str(output_path))
  File "/home/s/Projects/python/products/automation/.venv/lib/python3.14/site-packages/edge_tts/communicate.py", line 613, in save
    async for message in self.stream():
    ...<7 lines>...
            metadata.write("\n")
  File "/home/s/Projects/python/products/automation/.venv/lib/python3.14/site-packages/edge_tts/communicate.py", line 588, in stream
    async for message in self.__stream():
        yield message
  File "/home/s/Projects/python/products/automation/.venv/lib/python3.14/site-packages/edge_tts/communicate.py", line 465, in __stream
    ) as session, session.ws_connect(
                  ~~~~~~~~~~~~~~~~~~^
        f"{WSS_URL}&ConnectionId={connect_id()}"
        ^^^^^^^^^^^^^^^^^^^^^^^^^^^^^^^^^^^^^^^^
    ...<5 lines>...
        ssl=_SSL_CTX,
        ^^^^^^^^^^^^^
    ) as websocket:
    ^
  File "/home/s/Projects/python/products/automation/.venv/lib/python3.14/site-packages/aiohttp/client.py", line 1683, in __aenter__
    self._resp: _RetType_co = await self._coro
                              ^^^^^^^^^^^^^^^^
  File "/home/s/Projects/python/products/automation/.venv/lib/python3.14/site-packages/aiohttp/client.py", line 1244, in _ws_connect
    resp = await self.request(
           ^^^^^^^^^^^^^^^^^^^
    ...<11 lines>...
    )
    ^
  File "/home/s/Projects/python/products/automation/.venv/lib/python3.14/site-packages/aiohttp/client.py", line 856, in _request
    resp = await handler(req)
           ^^^^^^^^^^^^^^^^^^
  File "/home/s/Projects/python/products/automation/.venv/lib/python3.14/site-packages/aiohttp/client.py", line 810, in _connect_and_send_request
    conn = await self._connector.connect(
           ^^^^^^^^^^^^^^^^^^^^^^^^^^^^^^
        req, traces=traces, timeout=real_timeout
        ^^^^^^^^^^^^^^^^^^^^^^^^^^^^^^^^^^^^^^^^
    )
    ^
  File "/home/s/Projects/python/products/automation/.venv/lib/python3.14/site-packages/aiohttp/connector.py", line 657, in connect
    proto = await self._create_connection(req, traces, timeout)
            ^^^^^^^^^^^^^^^^^^^^^^^^^^^^^^^^^^^^^^^^^^^^^^^^^^^
  File "/home/s/Projects/python/products/automation/.venv/lib/python3.14/site-packages/aiohttp/connector.py", line 1242, in _create_connection
    _, proto = await self._create_direct_connection(req, traces, timeout)
               ^^^^^^^^^^^^^^^^^^^^^^^^^^^^^^^^^^^^^^^^^^^^^^^^^^^^^^^^^^
  File "/home/s/Projects/python/products/automation/.venv/lib/python3.14/site-packages/aiohttp/connector.py", line 1577, in _create_direct_connection
    raise ClientConnectorDNSError(req.connection_key, exc) from exc
aiohttp.client_exceptions.ClientConnectorDNSError: Cannot connect to host speech.platform.bing.com:443 ssl:<ssl.SSLContext object at 0x7693c6da3e10> [Name or service not known]
Pipeline: SRT timing only (exact subtitle sync, vocal-free bed + dub)
Workers: 4 | Duration: 300s | Whisper model: base
Parsed 81 SRT lines (exact subtitle timing).
Pitch probe: 81/81 segments have F0 readings.
Analyzing Japanese voice pitch per line...
Pitch analysis: 81/81 lines — ~27 higher-pitch, ~16 lower-pitch voices.
Resuming translation: 10 done, 71 remaining.
Translated 15/81
Translated 20/81
Translated 25/81
Translated 30/81
Translated 35/81
Translated 40/81
Translated 45/81
Translated 50/81
Translated 55/81
Translated 60/81
Translated 65/81
Translated 70/81
Translated 75/81
Translated 80/81
Skipping 262.178_267.183 after translation failed: 'NoneType' object has no attribute 'strip'
Translation complete: 80 lines.
Using existing background audio: movie_300s.background.wav
Resuming TTS: 8/80 chunks already on disk.
TTS complete: 80 clips.
Mixing audio (300.011s) then muxing with original video (stream copy — no video re-encode)...
Saved: /home/s/Projects/python/products/automation/movie_dubbed_5min_v7.mp4
Pipeline: SRT timing only (exact subtitle sync, vocal-free bed + dub)
Workers: 4 | Duration: 300s | Whisper model: base
Parsed 81 SRT lines (exact subtitle timing).
Pitch probe: 81/81 segments have F0 readings.
Analyzing Japanese voice pitch per line...
Pitch analysis: 81/81 lines — ~27 higher-pitch, ~16 lower-pitch voices.
Resuming translation: 80 done, 1 remaining.
Skipping 262.178_267.183 after translation failed: 'NoneType' object has no attribute 'strip'
Translation complete: 80 lines.
Using existing background audio: movie_300s.background.wav
Resuming TTS: 80/80 chunks already on disk.
TTS complete: 80 clips.
Mixing audio (300.011s) then muxing with original video (stream copy — no video re-encode)...
Traceback (most recent call last):
  File "/home/s/Projects/python/products/automation/dub_movie_5min.py", line 9, in <module>
    dub_with_whisper_alignment(
    ~~~~~~~~~~~~~~~~~~~~~~~~~~^
        input_video=Path("movie.mp4"),
        ^^^^^^^^^^^^^^^^^^^^^^^^^^^^^^
    ...<9 lines>...
        srt_timing_only=True,
        ^^^^^^^^^^^^^^^^^^^^^
    )
    ^
  File "/home/s/Projects/python/products/automation/dub_movie_whisper.py", line 397, in dub_with_whisper_alignment
    master_final_video(
    ~~~~~~~~~~~~~~~~~~^
        video_path, dubbed_clips, output_video, background_wav, workers, state, force=fresh
        ^^^^^^^^^^^^^^^^^^^^^^^^^^^^^^^^^^^^^^^^^^^^^^^^^^^^^^^^^^^^^^^^^^^^^^^^^^^^^^^^^^^
    )
    ^
  File "/home/s/Projects/python/products/automation/dub_movie.py", line 571, in master_final_video
    raise RuntimeError(f"ffmpeg mux failed:\n{result.stderr[-2000:]}")
RuntimeError: ffmpeg mux failed:
bwebp --enable-libx265 --enable-libxml2 --enable-libxvid --enable-libzimg --enable-openal --enable-opencl --enable-opengl --disable-sndio --enable-libvpl --enable-libdc1394 --enable-libdrm --enable-libiec61883 --enable-chromaprint --enable-frei0r --enable-ladspa --enable-libbluray --enable-libdvdnav --enable-libdvdread --enable-libjack --enable-libjxl --enable-libpulse --enable-librabbitmq --enable-librist --enable-libsrt --enable-libssh --enable-libsvtav1 --enable-libx264 --enable-libzmq --enable-libzvbi --enable-lv2 --enable-sdl2 --enable-libplacebo --enable-librav1e --enable-librsvg --enable-shared --enable-version3 --disable-doc --disable-programs --disable-static --enable-libaribb24 --enable-libopencore_amrnb --enable-libopencore_amrwb --enable-libtesseract --enable-libvo_amrwbenc --enable-libsmbclient
  libavutil      60.  8.100 / 60.  8.100
  libavcodec     62. 11.100 / 62. 11.100
  libavformat    62.  3.100 / 62.  3.100
  libavdevice    62.  1.100 / 62.  1.100
  libavfilter    11.  4.100 / 11.  4.100
  libswscale      9.  1.100 /  9.  1.100
  libswresample   6.  1.100 /  6.  1.100
Input #0, mov,mp4,m4a,3gp,3g2,mj2, from 'movie_300s.mp4':
  Metadata:
    major_brand     : isom
    minor_version   : 512
    compatible_brands: isomiso2avc1mp41
    encoder         : Lavf62.3.100
  Duration: 00:05:00.01, start: 0.000000, bitrate: 4850 kb/s
  Stream #0:0[0x1](und): Video: h264 (Main) (avc1 / 0x31637661), yuv420p(progressive), 1920x1080 [SAR 1:1 DAR 16:9], 4653 kb/s, 23.98 fps, 47.95 tbr, 11520 tbn (default)
    Metadata:
      handler_name    : VideoHandler
      vendor_id       : [0][0][0][0]
  Stream #0:1[0x2](und): Audio: aac (LC) (mp4a / 0x6134706D), 48000 Hz, 5.1, fltp, 192 kb/s (default)
    Metadata:
      handler_name    : SoundHandler
      vendor_id       : [0][0][0][0]
[in#1 @ 0x583a6e36ee80] Error opening input: No such file or directory
Error opening input file movie_dubbed_5min_v7.final_audio.wav.
Error opening input files: No such file or directory

@238.1s gap=0.08s -> assigned ジャイアン
  また ほかの絵(え)に入(はい)ってみようぜ
@241.1s gap=0.08s -> assigned ジャイアン
  今度(こんど)は楽(たの)しそうな絵(え)がいいな
@243.7s gap=0.08s -> assigned ジャイアン
  これなんかどう？
@245.3s gap=0.08s -> assigned ジャイアン
  おもしろそう！
@246.8s gap=0.08s -> assigned ジャイアン
  そんじゃあ…
@248.2s gap=0.08s -> assigned ジャイアン
  “はいりこみライト”！
@255.6s gap=0.08s -> assigned ジャイアン
  よっ！