Creating 300s clip: movie_5min.mp4
ffmpeg version 8.0.1-3ubuntu2 Copyright (c) 2000-2025 the FFmpeg developers
  built with gcc 15 (Ubuntu 15.2.0-13ubuntu3)
  configuration: --prefix=/usr --extra-version=3ubuntu2 --toolchain=hardened --libdir=/usr/lib/x86_64-linux-gnu --incdir=/usr/include/x86_64-linux-gnu --arch=amd64 --enable-gpl --disable-stripping --disable-pocketsphinx --disable-libcaca --disable-libmfx --disable-omx --enable-gnutls --enable-libaom --enable-libass --enable-libbs2b --enable-libcdio --enable-libcodec2 --enable-libdav1d --enable-libflite --enable-libfontconfig --enable-libfreetype --enable-libfribidi --enable-libglslang --enable-libgme --enable-libgsm --enable-libharfbuzz --enable-libmp3lame --enable-libmysofa --enable-libopenjpeg --enable-libopenmpt --enable-libopus --enable-librubberband --enable-libshine --enable-libsnappy --enable-libsoxr --enable-libspeex --enable-libtheora --enable-libtwolame --enable-libvidstab --enable-libvorbis --enable-libvpx --enable-libwebp --enable-libx265 --enable-libxml2 --enable-libxvid --enable-libzimg --enable-openal --enable-opencl --enable-opengl --disable-sndio --enable-libvpl --enable-libdc1394 --enable-libdrm --enable-libiec61883 --enable-chromaprint --enable-frei0r --enable-ladspa --enable-libbluray --enable-libdvdnav --enable-libdvdread --enable-libjack --enable-libjxl --enable-libpulse --enable-librabbitmq --enable-librist --enable-libsrt --enable-libssh --enable-libsvtav1 --enable-libx264 --enable-libzmq --enable-libzvbi --enable-lv2 --enable-sdl2 --enable-libplacebo --enable-librav1e --enable-librsvg --enable-shared
  WARNING: library configuration mismatch
  avcodec     configuration: --prefix=/usr --extra-version=3ubuntu2 --toolchain=hardened --libdir=/usr/lib/x86_64-linux-gnu --incdir=/usr/include/x86_64-linux-gnu --arch=amd64 --enable-gpl --disable-stripping --disable-pocketsphinx --disable-libcaca --disable-libmfx --disable-omx --enable-gnutls --enable-libaom --enable-libass --enable-libbs2b --enable-libcdio --enable-libcodec2 --enable-libdav1d --enable-libflite --enable-libfontconfig --enable-libfreetype --enable-libfribidi --enable-libglslang --enable-libgme --enable-libgsm --enable-libharfbuzz --enable-libmp3lame --enable-libmysofa --enable-libopenjpeg --enable-libopenmpt --enable-libopus --enable-librubberband --enable-libshine --enable-libsnappy --enable-libsoxr --enable-libspeex --enable-libtheora --enable-libtwolame --enable-libvidstab --enable-libvorbis --enable-libvpx --enable-libwebp --enable-libx265 --enable-libxml2 --enable-libxvid --enable-libzimg --enable-openal --enable-opencl --enable-opengl --disable-sndio --enable-libvpl --enable-libdc1394 --enable-libdrm --enable-libiec61883 --enable-chromaprint --enable-frei0r --enable-ladspa --enable-libbluray --enable-libdvdnav --enable-libdvdread --enable-libjack --enable-libjxl --enable-libpulse --enable-librabbitmq --enable-librist --enable-libsrt --enable-libssh --enable-libsvtav1 --enable-libx264 --enable-libzmq --enable-libzvbi --enable-lv2 --enable-sdl2 --enable-libplacebo --enable-librav1e --enable-librsvg --enable-shared --enable-version3 --disable-doc --disable-programs --disable-static --enable-libaribb24 --enable-libopencore_amrnb --enable-libopencore_amrwb --enable-libtesseract --enable-libvo_amrwbenc --enable-libsmbclient
  libavutil      60.  8.100 / 60.  8.100
  libavcodec     62. 11.100 / 62. 11.100
  libavformat    62.  3.100 / 62.  3.100
  libavdevice    62.  1.100 / 62.  1.100
  libavfilter    11.  4.100 / 11.  4.100
  libswscale      9.  1.100 /  9.  1.100
  libswresample   6.  1.100 /  6.  1.100
Input #0, mov,mp4,m4a,3gp,3g2,mj2, from 'movie.mp4':
  Metadata:
    major_brand     : isom
    minor_version   : 512
    compatible_brands: isomiso2avc1mp41
  Duration: 01:45:07.73, start: 0.000000, bitrate: 3741 kb/s
  Stream #0:0[0x1](und): Video: h264 (Main) (avc1 / 0x31637661), yuv420p(progressive), 1920x1080 [SAR 1:1 DAR 16:9], 3545 kb/s, 23.98 fps, 47.95 tbr, 11520 tbn (default)
    Metadata:
      handler_name    : VideoHandler
      vendor_id       : [0][0][0][0]
  Stream #0:1[0x2](und): Audio: aac (LC) (mp4a / 0x6134706D), 48000 Hz, 5.1, fltp, 192 kb/s (default)
    Metadata:
      handler_name    : SoundHandler
      vendor_id       : [0][0][0][0]
Stream mapping:
  Stream #0:0 -> #0:0 (copy)
  Stream #0:1 -> #0:1 (copy)
Output #0, mp4, to 'movie_5min.mp4':
  Metadata:
    major_brand     : isom
    minor_version   : 512
    compatible_brands: isomiso2avc1mp41
    encoder         : Lavf62.3.100
  Stream #0:0(und): Video: h264 (Main) (avc1 / 0x31637661), yuv420p(progressive), 1920x1080 [SAR 1:1 DAR 16:9], q=2-31, 3545 kb/s, 23.98 fps, 47.95 tbr, 11520 tbn (default)
    Metadata:
      handler_name    : VideoHandler
      vendor_id       : [0][0][0][0]
  Stream #0:1(und): Audio: aac (LC) (mp4a / 0x6134706D), 48000 Hz, 5.1, fltp, 192 kb/s (default)
    Metadata:
      handler_name    : SoundHandler
      vendor_id       : [0][0][0][0]
Press [q] to stop, [?] for help
frame= 2129 fps=0.0 q=-1.0 size=   28928KiB time=00:01:28.75 bitrate=2670.0kbits/s speed= 177x elapsed=0:00:00.50    frame= 3749 fps=3741 q=-1.0 size=   86784KiB time=00:02:36.45 bitrate=4543.9kbits/s speed= 156x elapsed=0:00:01.00    frame= 5462 fps=3635 q=-1.0 size=  124160KiB time=00:03:47.96 bitrate=4461.7kbits/s speed= 152x elapsed=0:00:01.50    frame= 6622 fps=3306 q=-1.0 size=  146176KiB time=00:04:36.10 bitrate=4337.0kbits/s speed= 138x elapsed=0:00:02.00    [out#0/mp4 @ 0x5eb9df31dc80] video:170407KiB audio:7032KiB subtitle:0KiB other streams:0KiB global headers:0KiB muxing overhead: 0.106318%
frame= 7195 fps=2974 q=-1.0 Lsize=  177628KiB time=00:05:00.09 bitrate=4848.9kbits/s speed= 124x elapsed=0:00:02.41    
Extracting audio: vocals_5min.wav
ffmpeg version 8.0.1-3ubuntu2 Copyright (c) 2000-2025 the FFmpeg developers
  built with gcc 15 (Ubuntu 15.2.0-13ubuntu3)
  configuration: --prefix=/usr --extra-version=3ubuntu2 --toolchain=hardened --libdir=/usr/lib/x86_64-linux-gnu --incdir=/usr/include/x86_64-linux-gnu --arch=amd64 --enable-gpl --disable-stripping --disable-pocketsphinx --disable-libcaca --disable-libmfx --disable-omx --enable-gnutls --enable-libaom --enable-libass --enable-libbs2b --enable-libcdio --enable-libcodec2 --enable-libdav1d --enable-libflite --enable-libfontconfig --enable-libfreetype --enable-libfribidi --enable-libglslang --enable-libgme --enable-libgsm --enable-libharfbuzz --enable-libmp3lame --enable-libmysofa --enable-libopenjpeg --enable-libopenmpt --enable-libopus --enable-librubberband --enable-libshine --enable-libsnappy --enable-libsoxr --enable-libspeex --enable-libtheora --enable-libtwolame --enable-libvidstab --enable-libvorbis --enable-libvpx --enable-libwebp --enable-libx265 --enable-libxml2 --enable-libxvid --enable-libzimg --enable-openal --enable-opencl --enable-opengl --disable-sndio --enable-libvpl --enable-libdc1394 --enable-libdrm --enable-libiec61883 --enable-chromaprint --enable-frei0r --enable-ladspa --enable-libbluray --enable-libdvdnav --enable-libdvdread --enable-libjack --enable-libjxl --enable-libpulse --enable-librabbitmq --enable-librist --enable-libsrt --enable-libssh --enable-libsvtav1 --enable-libx264 --enable-libzmq --enable-libzvbi --enable-lv2 --enable-sdl2 --enable-libplacebo --enable-librav1e --enable-librsvg --enable-shared
  WARNING: library configuration mismatch
  avcodec     configuration: --prefix=/usr --extra-version=3ubuntu2 --toolchain=hardened --libdir=/usr/lib/x86_64-linux-gnu --incdir=/usr/include/x86_64-linux-gnu --arch=amd64 --enable-gpl --disable-stripping --disable-pocketsphinx --disable-libcaca --disable-libmfx --disable-omx --enable-gnutls --enable-libaom --enable-libass --enable-libbs2b --enable-libcdio --enable-libcodec2 --enable-libdav1d --enable-libflite --enable-libfontconfig --enable-libfreetype --enable-libfribidi --enable-libglslang --enable-libgme --enable-libgsm --enable-libharfbuzz --enable-libmp3lame --enable-libmysofa --enable-libopenjpeg --enable-libopenmpt --enable-libopus --enable-librubberband --enable-libshine --enable-libsnappy --enable-libsoxr --enable-libspeex --enable-libtheora --enable-libtwolame --enable-libvidstab --enable-libvorbis --enable-libvpx --enable-libwebp --enable-libx265 --enable-libxml2 --enable-libxvid --enable-libzimg --enable-openal --enable-opencl --enable-opengl --disable-sndio --enable-libvpl --enable-libdc1394 --enable-libdrm --enable-libiec61883 --enable-chromaprint --enable-frei0r --enable-ladspa --enable-libbluray --enable-libdvdnav --enable-libdvdread --enable-libjack --enable-libjxl --enable-libpulse --enable-librabbitmq --enable-librist --enable-libsrt --enable-libssh --enable-libsvtav1 --enable-libx264 --enable-libzmq --enable-libzvbi --enable-lv2 --enable-sdl2 --enable-libplacebo --enable-librav1e --enable-librsvg --enable-shared --enable-version3 --disable-doc --disable-programs --disable-static --enable-libaribb24 --enable-libopencore_amrnb --enable-libopencore_amrwb --enable-libtesseract --enable-libvo_amrwbenc --enable-libsmbclient
  libavutil      60.  8.100 / 60.  8.100
  libavcodec     62. 11.100 / 62. 11.100
  libavformat    62.  3.100 / 62.  3.100
  libavdevice    62.  1.100 / 62.  1.100
  libavfilter    11.  4.100 / 11.  4.100
  libswscale      9.  1.100 /  9.  1.100
  libswresample   6.  1.100 /  6.  1.100
Input #0, mov,mp4,m4a,3gp,3g2,mj2, from 'movie_5min.mp4':
  Metadata:
    major_brand     : isom
    minor_version   : 512
    compatible_brands: isomiso2avc1mp41
    encoder         : Lavf62.3.100
  Duration: 00:05:00.01, start: 0.000000, bitrate: 4850 kb/s
  Stream #0:0[0x1](und): Video: h264 (Main) (avc1 / 0x31637661), yuv420p(progressive), 1920x1080 [SAR 1:1 DAR 16:9], 4653 kb/s, 23.98 fps, 47.95 tbr, 11520 tbn (default)
    Metadata:
      handler_name    : VideoHandler
      vendor_id       : [0][0][0][0]
  Stream #0:1[0x2](und): Audio: aac (LC) (mp4a / 0x6134706D), 48000 Hz, 5.1, fltp, 192 kb/s (default)
    Metadata:
      handler_name    : SoundHandler
      vendor_id       : [0][0][0][0]
Stream mapping:
  Stream #0:1 -> #0:0 (aac (native) -> pcm_s16le (native))
Press [q] to stop, [?] for help
Output #0, wav, to 'vocals_5min.wav':
  Metadata:
    major_brand     : isom
    minor_version   : 512
    compatible_brands: isomiso2avc1mp41
    ISFT            : Lavf62.3.100
  Stream #0:0(und): Audio: pcm_s16le ([1][0][0][0] / 0x0001), 44100 Hz, 5.1, s16, 4233 kb/s (default)
    Metadata:
      encoder         : Lavc62.11.100 pcm_s16le
      handler_name    : SoundHandler
      vendor_id       : [0][0][0][0]
size=   16128KiB time=00:00:31.74 bitrate=4162.1kbits/s speed=63.2x elapsed=0:00:00.50    size=   29952KiB time=00:00:58.41 bitrate=4200.7kbits/s speed=58.3x elapsed=0:00:01.00    size=   43776KiB time=00:01:24.92 bitrate=4222.6kbits/s speed=56.5x elapsed=0:00:01.50    size=   60416KiB time=00:01:57.16 bitrate=4224.3kbits/s speed=58.5x elapsed=0:00:02.00    size=   81408KiB time=00:02:37.63 bitrate=4230.7kbits/s speed=62.9x elapsed=0:00:02.50    size=   99328KiB time=00:03:12.25 bitrate=4232.4kbits/s speed=  64x elapsed=0:00:03.00    size=  119296KiB time=00:03:51.16 bitrate=4227.6kbits/s speed=65.9x elapsed=0:00:03.50    size=  138496KiB time=00:04:28.28 bitrate=4228.9kbits/s speed=66.9x elapsed=0:00:04.00    [out#0/wav @ 0x5bf1b0b93400] video:0KiB audio:155045KiB subtitle:0KiB other streams:0KiB global headers:0KiB muxing overhead: 0.000064%
size=  155045KiB time=00:05:00.01 bitrate=4233.6kbits/s speed=66.6x elapsed=0:00:04.50    
Transcribing and translating 5-minute clip to Hindi...
[0.00s -> 3.08s]: पोंछते
[3.82s -> 5.84s]: यदि आप इसे यहां डालते हैं...
[10.12s -> 12.12s]: मुझे क्या करना चाहिए?
[12.12s -> 14.36s]: मैं तब से इसके साथ खेल रहा हूं।
[17.60s -> 19.10s]: माई कानून
[19.10s -> 22.18s]: आइए अन्य चीजें खेलें
[22.18s -> 24.52s]: हम्म, एक मिनट रुकिए
[24.52s -> 26.98s]: माई कानून
[26.98s -> 29.64s]: हम्म, बस थोड़ा सा और
[29.64s -> 31.64s]: अरे
[33.64s -> 35.64s]: आह, नीली कोमोरी
[37.64s -> 39.64s]: एह, कहाँ?
[40.64s -> 44.64s]: पौराणिक नीला जंगल! आइए इसे खोजें! खोये हुए जंगल में!
[45.64s -> 49.64s]: वे कहते हैं कि तुम्हें वहां नहीं जाना चाहिए क्योंकि वहां राक्षस हैं।
[50.64s -> 54.64s]: वैसे भी, आइए पीछे कुछ भी लिखे बिना खेलें!
[60.64s -> 64.64s]: ठीक है, जब तक मैं यह लिखना समाप्त नहीं कर लेता तब तक एक मिनट रुकें।
[66.64s -> 68.64s]: मैं तो बस थोड़ा-थोड़ा लिखता रहता हूँ!
[69.64s -> 72.64s]: तो ठीक है, क्लेयर, चलो भी कुछ लिखें, मुझे यकीन है कि यह मजेदार होगा।
[74.64s -> 76.64s]: ओह, मुझे कुछ पसंद नहीं है!
[79.64s -> 80.64s]: क्लेयर!
[86.64s -> 88.64s]: मिलो की हुडी
[89.64s -> 91.64s]: मुझे मिलो के बच्चों से नफरत है!
/usr/lib/python3.14/multiprocessing/resource_tracker.py:396: UserWarning: resource_tracker: There appear to be 1 leaked semaphore objects to clean up at shutdown: {'/mp-a43w1qq4'}
  warnings.warn(
